// Jest Snapshot v1, https://goo.gl/fbAQLP

exports[`renders Polaris.sketchpalette correctly 1`] = `
"{
  \\"compatibleVersion\\": \\"2.0\\",
  \\"pluginVersion\\": \\"2.0\\",
  \\"colors\\": [
    {
      \\"red\\": 0.7686274509803922,
      \\"green\\": 0.803921568627451,
      \\"blue\\": 0.8352941176470589,
      \\"alpha\\": 1
    },
    {
      \\"red\\": 0.8745098039215686,
      \\"green\\": 0.8901960784313725,
      \\"blue\\": 0.9098039215686274,
      \\"alpha\\": 1
    },
    {
      \\"red\\": 0.9568627450980393,
      \\"green\\": 0.9647058823529412,
      \\"blue\\": 0.9725490196078431,
      \\"alpha\\": 1
    },
    {
      \\"red\\": 0.9764705882352941,
      \\"green\\": 0.9803921568627451,
      \\"blue\\": 0.984313725490196,
      \\"alpha\\": 1
    },
    {\\"red\\": 1, \\"green\\": 1, \\"blue\\": 1, \\"alpha\\": 1},
    {\\"red\\": 1, \\"green\\": 1, \\"blue\\": 1, \\"alpha\\": 1},
    {\\"red\\": 1, \\"green\\": 1, \\"blue\\": 1, \\"alpha\\": 1},
    {\\"red\\": 1, \\"green\\": 1, \\"blue\\": 1, \\"alpha\\": 1},
    {
      \\"red\\": 0.12941176470588237,
      \\"green\\": 0.16862745098039217,
      \\"blue\\": 0.21176470588235294,
      \\"alpha\\": 1
    },
    {
      \\"red\\": 0.27058823529411763,
      \\"green\\": 0.30980392156862746,
      \\"blue\\": 0.3568627450980392,
      \\"alpha\\": 1
    },
    {
      \\"red\\": 0.38823529411764707,
      \\"green\\": 0.45098039215686275,
      \\"blue\\": 0.5058823529411764,
      \\"alpha\\": 1
    },
    {
      \\"red\\": 0.5686274509803921,
      \\"green\\": 0.6196078431372549,
      \\"blue\\": 0.6705882352941176,
      \\"alpha\\": 1
    },
    {\\"red\\": 1, \\"green\\": 1, \\"blue\\": 1, \\"alpha\\": 1},
    {\\"red\\": 1, \\"green\\": 1, \\"blue\\": 1, \\"alpha\\": 1},
    {\\"red\\": 1, \\"green\\": 1, \\"blue\\": 1, \\"alpha\\": 1},
    {\\"red\\": 1, \\"green\\": 1, \\"blue\\": 1, \\"alpha\\": 1},
    {
      \\"red\\": 0.34901960784313724,
      \\"green\\": 0.26666666666666666,
      \\"blue\\": 0.18823529411764706,
      \\"alpha\\": 1
    },
    {
      \\"red\\": 0.2901960784313726,
      \\"green\\": 0.08235294117647059,
      \\"blue\\": 0.01568627450980392,
      \\"alpha\\": 1
    },
    {
      \\"red\\": 0.7529411764705882,
      \\"green\\": 0.3411764705882353,
      \\"blue\\": 0.09019607843137255,
      \\"alpha\\": 1
    },
    {
      \\"red\\": 0.9568627450980393,
      \\"green\\": 0.5764705882352941,
      \\"blue\\": 0.25882352941176473,
      \\"alpha\\": 1
    },
    {
      \\"red\\": 1,
      \\"green\\": 0.7686274509803922,
      \\"blue\\": 0.5450980392156862,
      \\"alpha\\": 1
    },
    {
      \\"red\\": 0.9882352941176471,
      \\"green\\": 0.9215686274509803,
      \\"blue\\": 0.8588235294117647,
      \\"alpha\\": 1
    },
    {\\"red\\": 1, \\"green\\": 1, \\"blue\\": 1, \\"alpha\\": 1},
    {\\"red\\": 1, \\"green\\": 1, \\"blue\\": 1, \\"alpha\\": 1},
    {
      \\"red\\": 0.34901960784313724,
      \\"green\\": 0.3176470588235294,
      \\"blue\\": 0.18823529411764706,
      \\"alpha\\": 1
    },
    {
      \\"red\\": 0.3411764705882353,
      \\"green\\": 0.23137254901960785,
      \\"blue\\": 0,
      \\"alpha\\": 1
    },
    {
      \\"red\\": 0.611764705882353,
      \\"green\\": 0.43529411764705883,
      \\"blue\\": 0.09803921568627451,
      \\"alpha\\": 1
    },
    {
      \\"red\\": 0.9294117647058824,
      \\"green\\": 0.7607843137254902,
      \\"blue\\": 0,
      \\"alpha\\": 1
    },
    {
      \\"red\\": 1,
      \\"green\\": 0.9176470588235294,
      \\"blue\\": 0.5411764705882353,
      \\"alpha\\": 1
    },
    {
      \\"red\\": 0.9882352941176471,
      \\"green\\": 0.9411764705882353,
      \\"blue\\": 0.803921568627451,
      \\"alpha\\": 1
    },
    {\\"red\\": 1, \\"green\\": 1, \\"blue\\": 1, \\"alpha\\": 1},
    {\\"red\\": 1, \\"green\\": 1, \\"blue\\": 1, \\"alpha\\": 1},
    {
      \\"red\\": 0.2549019607843137,
      \\"green\\": 0.30980392156862746,
      \\"blue\\": 0.24313725490196078,
      \\"alpha\\": 1
    },
    {
      \\"red\\": 0.09019607843137255,
      \\"green\\": 0.21176470588235294,
      \\"blue\\": 0.18823529411764706,
      \\"alpha\\": 1
    },
    {
      \\"red\\": 0.06274509803921569,
      \\"green\\": 0.5019607843137255,
      \\"blue\\": 0.2627450980392157,
      \\"alpha\\": 1
    },
    {
      \\"red\\": 0.3137254901960784,
      \\"green\\": 0.7215686274509804,
      \\"blue\\": 0.23529411764705882,
      \\"alpha\\": 1
    },
    {
      \\"red\\": 0.7333333333333333,
      \\"green\\": 0.8980392156862745,
      \\"blue\\": 0.7019607843137254,
      \\"alpha\\": 1
    },
    {
      \\"red\\": 0.8901960784313725,
      \\"green\\": 0.9450980392156862,
      \\"blue\\": 0.8745098039215686,
      \\"alpha\\": 1
    },
    {\\"red\\": 1, \\"green\\": 1, \\"blue\\": 1, \\"alpha\\": 1},
    {\\"red\\": 1, \\"green\\": 1, \\"blue\\": 1, \\"alpha\\": 1},
    {
      \\"red\\": 0.25098039215686274,
      \\"green\\": 0.3254901960784314,
      \\"blue\\": 0.3215686274509804,
      \\"alpha\\": 1
    },
    {
      \\"red\\": 0,
      \\"green\\": 0.19215686274509805,
      \\"blue\\": 0.21176470588235294,
      \\"alpha\\": 1
    },
    {
      \\"red\\": 0,
      \\"green\\": 0.5176470588235295,
      \\"blue\\": 0.5568627450980392,
      \\"alpha\\": 1
    },
    {
      \\"red\\": 0.2784313725490196,
      \\"green\\": 0.7568627450980392,
      \\"blue\\": 0.7490196078431373,
      \\"alpha\\": 1
    },
    {
      \\"red\\": 0.7137254901960784,
      \\"green\\": 0.9254901960784314,
      \\"blue\\": 0.9215686274509803,
      \\"alpha\\": 1
    },
    {
      \\"red\\": 0.8784313725490196,
      \\"green\\": 0.9607843137254902,
      \\"blue\\": 0.9568627450980393,
      \\"alpha\\": 1
    },
    {\\"red\\": 1, \\"green\\": 1, \\"blue\\": 1, \\"alpha\\": 1},
    {\\"red\\": 1, \\"green\\": 1, \\"blue\\": 1, \\"alpha\\": 1},
    {
      \\"red\\": 0.24313725490196078,
      \\"green\\": 0.3058823529411765,
      \\"blue\\": 0.3411764705882353,
      \\"alpha\\": 1
    },
    {
      \\"red\\": 0,
      \\"green\\": 0.08235294117647059,
      \\"blue\\": 0.16470588235294117,
      \\"alpha\\": 1
    },
    {
      \\"red\\": 0.03137254901960784,
      \\"green\\": 0.3058823529411765,
      \\"blue\\": 0.5411764705882353,
      \\"alpha\\": 1
    },
    {
      \\"red\\": 0,
      \\"green\\": 0.47843137254901963,
      \\"blue\\": 0.807843137254902,
      \\"alpha\\": 1
    },
    {
      \\"red\\": 0.7058823529411765,
      \\"green\\": 0.8784313725490196,
      \\"blue\\": 0.9803921568627451,
      \\"alpha\\": 1
    },
    {
      \\"red\\": 0.9215686274509803,
      \\"green\\": 0.9568627450980393,
      \\"blue\\": 0.9803921568627451,
      \\"alpha\\": 1
    },
    {\\"red\\": 1, \\"green\\": 1, \\"blue\\": 1, \\"alpha\\": 1},
    {\\"red\\": 1, \\"green\\": 1, \\"blue\\": 1, \\"alpha\\": 1},
    {
      \\"red\\": 0.24313725490196078,
      \\"green\\": 0.2549019607843137,
      \\"blue\\": 0.3333333333333333,
      \\"alpha\\": 1
    },
    {
      \\"red\\": 0,
      \\"green\\": 0.023529411764705882,
      \\"blue\\": 0.2235294117647059,
      \\"alpha\\": 1
    },
    {
      \\"red\\": 0.12549019607843137,
      \\"green\\": 0.1803921568627451,
      \\"blue\\": 0.47058823529411764,
      \\"alpha\\": 1
    },
    {
      \\"red\\": 0.3607843137254902,
      \\"green\\": 0.41568627450980394,
      \\"blue\\": 0.7686274509803922,
      \\"alpha\\": 1
    },
    {
      \\"red\\": 0.7019607843137254,
      \\"green\\": 0.7372549019607844,
      \\"blue\\": 0.9607843137254902,
      \\"alpha\\": 1
    },
    {
      \\"red\\": 0.9529411764705882,
      \\"green\\": 0.9568627450980393,
      \\"blue\\": 0.9803921568627451,
      \\"alpha\\": 1
    },
    {\\"red\\": 1, \\"green\\": 1, \\"blue\\": 1, \\"alpha\\": 1},
    {\\"red\\": 1, \\"green\\": 1, \\"blue\\": 1, \\"alpha\\": 1},
    {
      \\"red\\": 0.3137254901960784,
      \\"green\\": 0.28627450980392155,
      \\"blue\\": 0.35294117647058826,
      \\"alpha\\": 1
    },
    {
      \\"red\\": 0.13725490196078433,
      \\"green\\": 0,
      \\"blue\\": 0.3176470588235294,
      \\"alpha\\": 1
    },
    {
      \\"red\\": 0.3137254901960784,
      \\"green\\": 0.1411764705882353,
      \\"blue\\": 0.5607843137254902,
      \\"alpha\\": 1
    },
    {
      \\"red\\": 0.611764705882353,
      \\"green\\": 0.41568627450980394,
      \\"blue\\": 0.8705882352941177,
      \\"alpha\\": 1
    },
    {
      \\"red\\": 0.8901960784313725,
      \\"green\\": 0.8156862745098039,
      \\"blue\\": 1,
      \\"alpha\\": 1
    },
    {
      \\"red\\": 0.9607843137254902,
      \\"green\\": 0.9411764705882353,
      \\"blue\\": 0.9882352941176471,
      \\"alpha\\": 1
    },
    {\\"red\\": 1, \\"green\\": 1, \\"blue\\": 1, \\"alpha\\": 1},
    {\\"red\\": 1, \\"green\\": 1, \\"blue\\": 1, \\"alpha\\": 1}
  ],
  \\"gradients\\": [],
  \\"images\\": []
}
"
`;

exports[`renders colors.ase.json correctly 1`] = `
"{
  \\"version\\": \\"1.0\\",
  \\"groups\\": [],
  \\"colors\\": [
    {
      \\"name\\": \\"purple-text\\",
      \\"model\\": \\"RGB\\",
      \\"type\\": \\"global\\",
      \\"color\\": [0.3137254901960784, 0.28627450980392155, 0.35294117647058826]
    },
    {
      \\"name\\": \\"purple-darker\\",
      \\"model\\": \\"RGB\\",
      \\"type\\": \\"global\\",
      \\"color\\": [0.13725490196078433, 0, 0.3176470588235294]
    },
    {
      \\"name\\": \\"purple-dark\\",
      \\"model\\": \\"RGB\\",
      \\"type\\": \\"global\\",
      \\"color\\": [0.3137254901960784, 0.1411764705882353, 0.5607843137254902]
    },
    {
      \\"name\\": \\"purple\\",
      \\"model\\": \\"RGB\\",
      \\"type\\": \\"global\\",
      \\"color\\": [0.611764705882353, 0.41568627450980394, 0.8705882352941177]
    },
    {
      \\"name\\": \\"purple-light\\",
      \\"model\\": \\"RGB\\",
      \\"type\\": \\"global\\",
      \\"color\\": [0.8901960784313725, 0.8156862745098039, 1]
    },
    {
      \\"name\\": \\"purple-lighter\\",
      \\"model\\": \\"RGB\\",
      \\"type\\": \\"global\\",
      \\"color\\": [0.9607843137254902, 0.9411764705882353, 0.9882352941176471]
    },
    {
      \\"name\\": \\"indigo-text\\",
      \\"model\\": \\"RGB\\",
      \\"type\\": \\"global\\",
      \\"color\\": [0.24313725490196078, 0.2549019607843137, 0.3333333333333333]
    },
    {
      \\"name\\": \\"indigo-darker\\",
      \\"model\\": \\"RGB\\",
      \\"type\\": \\"global\\",
      \\"color\\": [0, 0.023529411764705882, 0.2235294117647059]
    },
    {
      \\"name\\": \\"indigo-dark\\",
      \\"model\\": \\"RGB\\",
      \\"type\\": \\"global\\",
      \\"color\\": [0.12549019607843137, 0.1803921568627451, 0.47058823529411764]
    },
    {
      \\"name\\": \\"indigo\\",
      \\"model\\": \\"RGB\\",
      \\"type\\": \\"global\\",
      \\"color\\": [0.3607843137254902, 0.41568627450980394, 0.7686274509803922]
    },
    {
      \\"name\\": \\"indigo-light\\",
      \\"model\\": \\"RGB\\",
      \\"type\\": \\"global\\",
      \\"color\\": [0.7019607843137254, 0.7372549019607844, 0.9607843137254902]
    },
    {
      \\"name\\": \\"indigo-lighter\\",
      \\"model\\": \\"RGB\\",
      \\"type\\": \\"global\\",
      \\"color\\": [0.9529411764705882, 0.9568627450980393, 0.9803921568627451]
    },
    {
      \\"name\\": \\"blue-text\\",
      \\"model\\": \\"RGB\\",
      \\"type\\": \\"global\\",
      \\"color\\": [0.24313725490196078, 0.3058823529411765, 0.3411764705882353]
    },
    {
      \\"name\\": \\"blue-darker\\",
      \\"model\\": \\"RGB\\",
      \\"type\\": \\"global\\",
      \\"color\\": [0, 0.08235294117647059, 0.16470588235294117]
    },
    {
      \\"name\\": \\"blue-dark\\",
      \\"model\\": \\"RGB\\",
      \\"type\\": \\"global\\",
      \\"color\\": [0.03137254901960784, 0.3058823529411765, 0.5411764705882353]
    },
    {
      \\"name\\": \\"blue\\",
      \\"model\\": \\"RGB\\",
      \\"type\\": \\"global\\",
      \\"color\\": [0, 0.47843137254901963, 0.807843137254902]
    },
    {
      \\"name\\": \\"blue-light\\",
      \\"model\\": \\"RGB\\",
      \\"type\\": \\"global\\",
      \\"color\\": [0.7058823529411765, 0.8784313725490196, 0.9803921568627451]
    },
    {
      \\"name\\": \\"blue-lighter\\",
      \\"model\\": \\"RGB\\",
      \\"type\\": \\"global\\",
      \\"color\\": [0.9215686274509803, 0.9568627450980393, 0.9803921568627451]
    },
    {
      \\"name\\": \\"teal-text\\",
      \\"model\\": \\"RGB\\",
      \\"type\\": \\"global\\",
      \\"color\\": [0.25098039215686274, 0.3254901960784314, 0.3215686274509804]
    },
    {
      \\"name\\": \\"teal-darker\\",
      \\"model\\": \\"RGB\\",
      \\"type\\": \\"global\\",
      \\"color\\": [0, 0.19215686274509805, 0.21176470588235294]
    },
    {
      \\"name\\": \\"teal-dark\\",
      \\"model\\": \\"RGB\\",
      \\"type\\": \\"global\\",
      \\"color\\": [0, 0.5176470588235295, 0.5568627450980392]
    },
    {
      \\"name\\": \\"teal\\",
      \\"model\\": \\"RGB\\",
      \\"type\\": \\"global\\",
      \\"color\\": [0.2784313725490196, 0.7568627450980392, 0.7490196078431373]
    },
    {
      \\"name\\": \\"teal-light\\",
      \\"model\\": \\"RGB\\",
      \\"type\\": \\"global\\",
      \\"color\\": [0.7137254901960784, 0.9254901960784314, 0.9215686274509803]
    },
    {
      \\"name\\": \\"teal-lighter\\",
      \\"model\\": \\"RGB\\",
      \\"type\\": \\"global\\",
      \\"color\\": [0.8784313725490196, 0.9607843137254902, 0.9568627450980393]
    },
    {
      \\"name\\": \\"green-text\\",
      \\"model\\": \\"RGB\\",
      \\"type\\": \\"global\\",
      \\"color\\": [0.2549019607843137, 0.30980392156862746, 0.24313725490196078]
    },
    {
      \\"name\\": \\"green-darker\\",
      \\"model\\": \\"RGB\\",
      \\"type\\": \\"global\\",
      \\"color\\": [0.09019607843137255, 0.21176470588235294, 0.18823529411764706]
    },
    {
      \\"name\\": \\"green-dark\\",
      \\"model\\": \\"RGB\\",
      \\"type\\": \\"global\\",
      \\"color\\": [0.06274509803921569, 0.5019607843137255, 0.2627450980392157]
    },
    {
      \\"name\\": \\"green\\",
      \\"model\\": \\"RGB\\",
      \\"type\\": \\"global\\",
      \\"color\\": [0.3137254901960784, 0.7215686274509804, 0.23529411764705882]
    },
    {
      \\"name\\": \\"green-light\\",
      \\"model\\": \\"RGB\\",
      \\"type\\": \\"global\\",
      \\"color\\": [0.7333333333333333, 0.8980392156862745, 0.7019607843137254]
    },
    {
      \\"name\\": \\"green-lighter\\",
      \\"model\\": \\"RGB\\",
      \\"type\\": \\"global\\",
      \\"color\\": [0.8901960784313725, 0.9450980392156862, 0.8745098039215686]
    },
    {
      \\"name\\": \\"yellow-text\\",
      \\"model\\": \\"RGB\\",
      \\"type\\": \\"global\\",
      \\"color\\": [0.34901960784313724, 0.3176470588235294, 0.18823529411764706]
    },
    {
      \\"name\\": \\"yellow-darker\\",
      \\"model\\": \\"RGB\\",
      \\"type\\": \\"global\\",
      \\"color\\": [0.3411764705882353, 0.23137254901960785, 0]
    },
    {
      \\"name\\": \\"yellow-dark\\",
      \\"model\\": \\"RGB\\",
      \\"type\\": \\"global\\",
      \\"color\\": [0.611764705882353, 0.43529411764705883, 0.09803921568627451]
    },
    {
      \\"name\\": \\"yellow\\",
      \\"model\\": \\"RGB\\",
      \\"type\\": \\"global\\",
      \\"color\\": [0.9294117647058824, 0.7607843137254902, 0]
    },
    {
      \\"name\\": \\"yellow-light\\",
      \\"model\\": \\"RGB\\",
      \\"type\\": \\"global\\",
      \\"color\\": [1, 0.9176470588235294, 0.5411764705882353]
    },
    {
      \\"name\\": \\"yellow-lighter\\",
      \\"model\\": \\"RGB\\",
      \\"type\\": \\"global\\",
      \\"color\\": [0.9882352941176471, 0.9411764705882353, 0.803921568627451]
    },
    {
      \\"name\\": \\"orange-text\\",
      \\"model\\": \\"RGB\\",
      \\"type\\": \\"global\\",
      \\"color\\": [0.34901960784313724, 0.26666666666666666, 0.18823529411764706]
    },
    {
      \\"name\\": \\"orange-darker\\",
      \\"model\\": \\"RGB\\",
      \\"type\\": \\"global\\",
      \\"color\\": [0.2901960784313726, 0.08235294117647059, 0.01568627450980392]
    },
    {
      \\"name\\": \\"orange-dark\\",
      \\"model\\": \\"RGB\\",
      \\"type\\": \\"global\\",
      \\"color\\": [0.7529411764705882, 0.3411764705882353, 0.09019607843137255]
    },
    {
      \\"name\\": \\"orange\\",
      \\"model\\": \\"RGB\\",
      \\"type\\": \\"global\\",
      \\"color\\": [0.9568627450980393, 0.5764705882352941, 0.25882352941176473]
    },
    {
      \\"name\\": \\"orange-light\\",
      \\"model\\": \\"RGB\\",
      \\"type\\": \\"global\\",
      \\"color\\": [1, 0.7686274509803922, 0.5450980392156862]
    },
    {
      \\"name\\": \\"orange-lighter\\",
      \\"model\\": \\"RGB\\",
      \\"type\\": \\"global\\",
      \\"color\\": [0.9882352941176471, 0.9215686274509803, 0.8588235294117647]
    },
    {
      \\"name\\": \\"ink\\",
      \\"model\\": \\"RGB\\",
      \\"type\\": \\"global\\",
      \\"color\\": [0.12941176470588237, 0.16862745098039217, 0.21176470588235294]
    },
    {
      \\"name\\": \\"ink-light\\",
      \\"model\\": \\"RGB\\",
      \\"type\\": \\"global\\",
      \\"color\\": [0.27058823529411763, 0.30980392156862746, 0.3568627450980392]
    },
    {
      \\"name\\": \\"ink-lighter\\",
      \\"model\\": \\"RGB\\",
      \\"type\\": \\"global\\",
      \\"color\\": [0.38823529411764707, 0.45098039215686275, 0.5058823529411764]
    },
    {
      \\"name\\": \\"ink-lightest\\",
      \\"model\\": \\"RGB\\",
      \\"type\\": \\"global\\",
      \\"color\\": [0.5686274509803921, 0.6196078431372549, 0.6705882352941176]
    },
    {
      \\"name\\": \\"sky-dark\\",
      \\"model\\": \\"RGB\\",
      \\"type\\": \\"global\\",
      \\"color\\": [0.7686274509803922, 0.803921568627451, 0.8352941176470589]
    },
    {
      \\"name\\": \\"sky\\",
      \\"model\\": \\"RGB\\",
      \\"type\\": \\"global\\",
      \\"color\\": [0.8745098039215686, 0.8901960784313725, 0.9098039215686274]
    },
    {
      \\"name\\": \\"sky-light\\",
      \\"model\\": \\"RGB\\",
      \\"type\\": \\"global\\",
      \\"color\\": [0.9568627450980393, 0.9647058823529412, 0.9725490196078431]
    },
    {
      \\"name\\": \\"sky-lighter\\",
      \\"model\\": \\"RGB\\",
      \\"type\\": \\"global\\",
      \\"color\\": [0.9764705882352941, 0.9803921568627451, 0.984313725490196]
    }
  ]
}
"
`;

exports[`renders colors.color-map.scss correctly 1`] = `
"$polaris-colors: (
  'purple':
    (
      'text': rgb(80, 73, 90),
      'darker': rgb(35, 0, 81),
      'dark': rgb(80, 36, 143),
      'purple': rgb(156, 106, 222),
      'light': rgb(227, 208, 255),
      'lighter': rgb(245, 240, 252)
    ),
  'indigo':
    (
      'text': rgb(62, 65, 85),
      'darker': rgb(0, 6, 57),
      'dark': rgb(32, 46, 120),
      'indigo': rgb(92, 106, 196),
      'light': rgb(179, 188, 245),
      'lighter': rgb(243, 244, 250)
    ),
  'blue':
    (
      'text': rgb(62, 78, 87),
      'darker': rgb(0, 21, 42),
      'dark': rgb(8, 78, 138),
      'blue': rgb(0, 122, 206),
      'light': rgb(180, 224, 250),
      'lighter': rgb(235, 244, 250)
    ),
  'teal':
    (
      'text': rgb(64, 83, 82),
      'darker': rgb(0, 49, 54),
      'dark': rgb(0, 132, 142),
      'teal': rgb(71, 193, 191),
      'light': rgb(182, 236, 235),
      'lighter': rgb(224, 245, 244)
    ),
  'green':
    (
      'text': rgb(65, 79, 62),
      'darker': rgb(23, 54, 48),
      'dark': rgb(16, 128, 67),
      'green': rgb(80, 184, 60),
      'light': rgb(187, 229, 179),
      'lighter': rgb(227, 241, 223)
    ),
  'yellow':
    (
      'text': rgb(89, 81, 48),
      'darker': rgb(87, 59, 0),
      'dark': rgb(156, 111, 25),
      'yellow': rgb(237, 194, 0),
      'light': rgb(255, 234, 138),
      'lighter': rgb(252, 240, 205)
    ),
  'orange':
    (
      'text': rgb(89, 68, 48),
      'darker': rgb(74, 21, 4),
      'dark': rgb(192, 87, 23),
      'orange': rgb(244, 147, 66),
      'light': rgb(255, 196, 139),
      'lighter': rgb(252, 235, 219)
    ),
  'ink':
    (
      'ink': rgb(33, 43, 54),
      'light': rgb(69, 79, 91),
      'lighter': rgb(99, 115, 129),
      'lightest': rgb(145, 158, 171)
    ),
  'sky':
    (
      'dark': rgb(196, 205, 213),
      'sky': rgb(223, 227, 232),
      'light': rgb(244, 246, 248),
      'lighter': rgb(249, 250, 251)
    )
);
"
`;

exports[`renders colors.custom-properties.css correctly 1`] = `
":root {
  --color-purple-text: rgb(80, 73, 90);
  --color-purple-darker: rgb(35, 0, 81);
  --color-purple-dark: rgb(80, 36, 143);
  --color-purple: rgb(156, 106, 222);
  --color-purple-light: rgb(227, 208, 255);
  --color-purple-lighter: rgb(245, 240, 252);
  --color-indigo-text: rgb(62, 65, 85);
  --color-indigo-darker: rgb(0, 6, 57);
  --color-indigo-dark: rgb(32, 46, 120);
  --color-indigo: rgb(92, 106, 196);
  --color-indigo-light: rgb(179, 188, 245);
  --color-indigo-lighter: rgb(243, 244, 250);
  --color-blue-text: rgb(62, 78, 87);
  --color-blue-darker: rgb(0, 21, 42);
  --color-blue-dark: rgb(8, 78, 138);
  --color-blue: rgb(0, 122, 206);
  --color-blue-light: rgb(180, 224, 250);
  --color-blue-lighter: rgb(235, 244, 250);
  --color-teal-text: rgb(64, 83, 82);
  --color-teal-darker: rgb(0, 49, 54);
  --color-teal-dark: rgb(0, 132, 142);
  --color-teal: rgb(71, 193, 191);
  --color-teal-light: rgb(182, 236, 235);
  --color-teal-lighter: rgb(224, 245, 244);
  --color-green-text: rgb(65, 79, 62);
  --color-green-darker: rgb(23, 54, 48);
  --color-green-dark: rgb(16, 128, 67);
  --color-green: rgb(80, 184, 60);
  --color-green-light: rgb(187, 229, 179);
  --color-green-lighter: rgb(227, 241, 223);
  --color-yellow-text: rgb(89, 81, 48);
  --color-yellow-darker: rgb(87, 59, 0);
  --color-yellow-dark: rgb(156, 111, 25);
  --color-yellow: rgb(237, 194, 0);
  --color-yellow-light: rgb(255, 234, 138);
  --color-yellow-lighter: rgb(252, 240, 205);
  --color-orange-text: rgb(89, 68, 48);
  --color-orange-darker: rgb(74, 21, 4);
  --color-orange-dark: rgb(192, 87, 23);
  --color-orange: rgb(244, 147, 66);
  --color-orange-light: rgb(255, 196, 139);
  --color-orange-lighter: rgb(252, 235, 219);
  --color-ink: rgb(33, 43, 54);
  --color-ink-light: rgb(69, 79, 91);
  --color-ink-lighter: rgb(99, 115, 129);
  --color-ink-lightest: rgb(145, 158, 171);
  --color-sky-dark: rgb(196, 205, 213);
  --color-sky: rgb(223, 227, 232);
  --color-sky-light: rgb(244, 246, 248);
  --color-sky-lighter: rgb(249, 250, 251);
}
"
`;

exports[`renders colors.json correctly 1`] = `
"{
  \\"color-purple-text\\": \\"rgb(80, 73, 90)\\",
  \\"color-purple-darker\\": \\"rgb(35, 0, 81)\\",
  \\"color-purple-dark\\": \\"rgb(80, 36, 143)\\",
  \\"color-purple\\": \\"rgb(156, 106, 222)\\",
  \\"color-purple-light\\": \\"rgb(227, 208, 255)\\",
  \\"color-purple-lighter\\": \\"rgb(245, 240, 252)\\",
  \\"color-indigo-text\\": \\"rgb(62, 65, 85)\\",
  \\"color-indigo-darker\\": \\"rgb(0, 6, 57)\\",
  \\"color-indigo-dark\\": \\"rgb(32, 46, 120)\\",
  \\"color-indigo\\": \\"rgb(92, 106, 196)\\",
  \\"color-indigo-light\\": \\"rgb(179, 188, 245)\\",
  \\"color-indigo-lighter\\": \\"rgb(243, 244, 250)\\",
  \\"color-blue-text\\": \\"rgb(62, 78, 87)\\",
  \\"color-blue-darker\\": \\"rgb(0, 21, 42)\\",
  \\"color-blue-dark\\": \\"rgb(8, 78, 138)\\",
  \\"color-blue\\": \\"rgb(0, 122, 206)\\",
  \\"color-blue-light\\": \\"rgb(180, 224, 250)\\",
  \\"color-blue-lighter\\": \\"rgb(235, 244, 250)\\",
  \\"color-teal-text\\": \\"rgb(64, 83, 82)\\",
  \\"color-teal-darker\\": \\"rgb(0, 49, 54)\\",
  \\"color-teal-dark\\": \\"rgb(0, 132, 142)\\",
  \\"color-teal\\": \\"rgb(71, 193, 191)\\",
  \\"color-teal-light\\": \\"rgb(182, 236, 235)\\",
  \\"color-teal-lighter\\": \\"rgb(224, 245, 244)\\",
  \\"color-green-text\\": \\"rgb(65, 79, 62)\\",
  \\"color-green-darker\\": \\"rgb(23, 54, 48)\\",
  \\"color-green-dark\\": \\"rgb(16, 128, 67)\\",
  \\"color-green\\": \\"rgb(80, 184, 60)\\",
  \\"color-green-light\\": \\"rgb(187, 229, 179)\\",
  \\"color-green-lighter\\": \\"rgb(227, 241, 223)\\",
  \\"color-yellow-text\\": \\"rgb(89, 81, 48)\\",
  \\"color-yellow-darker\\": \\"rgb(87, 59, 0)\\",
  \\"color-yellow-dark\\": \\"rgb(156, 111, 25)\\",
  \\"color-yellow\\": \\"rgb(237, 194, 0)\\",
  \\"color-yellow-light\\": \\"rgb(255, 234, 138)\\",
  \\"color-yellow-lighter\\": \\"rgb(252, 240, 205)\\",
  \\"color-orange-text\\": \\"rgb(89, 68, 48)\\",
  \\"color-orange-darker\\": \\"rgb(74, 21, 4)\\",
  \\"color-orange-dark\\": \\"rgb(192, 87, 23)\\",
  \\"color-orange\\": \\"rgb(244, 147, 66)\\",
  \\"color-orange-light\\": \\"rgb(255, 196, 139)\\",
  \\"color-orange-lighter\\": \\"rgb(252, 235, 219)\\",
  \\"color-ink\\": \\"rgb(33, 43, 54)\\",
  \\"color-ink-light\\": \\"rgb(69, 79, 91)\\",
  \\"color-ink-lighter\\": \\"rgb(99, 115, 129)\\",
  \\"color-ink-lightest\\": \\"rgb(145, 158, 171)\\",
  \\"color-sky-dark\\": \\"rgb(196, 205, 213)\\",
  \\"color-sky\\": \\"rgb(223, 227, 232)\\",
  \\"color-sky-light\\": \\"rgb(244, 246, 248)\\",
  \\"color-sky-lighter\\": \\"rgb(249, 250, 251)\\"
}
"
`;

exports[`renders colors.raw.json correctly 1`] = `
"{
  \\"aliases\\": {
    \\"color-sky-light\\": {
      \\"value\\": \\"#f4f6f8\\"
    },
    \\"color-ink-lightest\\": {
      \\"value\\": \\"#919eab\\"
    },
    \\"color-green-text\\": {
      \\"value\\": \\"#414f3e\\"
    },
    \\"color-orange-light\\": {
      \\"value\\": \\"#ffc48b\\"
    },
    \\"color-orange-text\\": {
      \\"value\\": \\"#594430\\"
    },
    \\"color-green-light\\": {
      \\"value\\": \\"#bbe5b3\\"
    },
    \\"color-blue\\": {
      \\"value\\": \\"#007ace\\"
    },
    \\"color-indigo-light\\": {
      \\"value\\": \\"#b3bcf5\\"
    },
    \\"color-yellow-dark\\": {
      \\"value\\": \\"#9c6f19\\"
    },
    \\"color-ink-light\\": {
      \\"value\\": \\"#454f5b\\"
    },
    \\"color-purple\\": {
      \\"value\\": \\"#9c6ade\\"
    },
    \\"color-teal\\": {
      \\"value\\": \\"#47c1bf\\"
    },
    \\"color-yellow-light\\": {
      \\"value\\": \\"#ffea8a\\"
    },
    \\"color-indigo-dark\\": {
      \\"value\\": \\"#202e78\\"
    },
    \\"color-green-dark\\": {
      \\"value\\": \\"#108043\\"
    },
    \\"color-purple-darker\\": {
      \\"value\\": \\"#230051\\"
    },
    \\"color-teal-darker\\": {
      \\"value\\": \\"#003136\\"
    },
    \\"color-orange-dark\\": {
      \\"value\\": \\"#c05717\\"
    },
    \\"color-blue-darker\\": {
      \\"value\\": \\"#00152a\\"
    },
    \\"color-sky-dark\\": {
      \\"value\\": \\"#c4cdd5\\"
    },
    \\"color-sky-lighter\\": {
      \\"value\\": \\"#f9fafb\\"
    },
    \\"color-blue-light\\": {
      \\"value\\": \\"#b4e0fa\\"
    },
    \\"color-orange-lighter\\": {
      \\"value\\": \\"#fcebdb\\"
    },
    \\"color-purple-light\\": {
      \\"value\\": \\"#e3d0ff\\"
    },
    \\"color-green-lighter\\": {
      \\"value\\": \\"#e3f1df\\"
    },
    \\"color-teal-light\\": {
      \\"value\\": \\"#b6eceb\\"
    },
    \\"color-yellow-darker\\": {
      \\"value\\": \\"#573b00\\"
    },
    \\"color-ink-lighter\\": {
      \\"value\\": \\"#637381\\"
    },
    \\"color-indigo-lighter\\": {
      \\"value\\": \\"#f3f4fa\\"
    },
    \\"color-teal-text\\": {
      \\"value\\": \\"#405352\\"
    },
    \\"color-indigo-darker\\": {
      \\"value\\": \\"#000639\\"
    },
    \\"color-purple-text\\": {
      \\"value\\": \\"#50495a\\"
    },
    \\"color-yellow-lighter\\": {
      \\"value\\": \\"#fcf0cd\\"
    },
    \\"color-blue-text\\": {
      \\"value\\": \\"#3e4e57\\"
    },
    \\"color-green-darker\\": {
      \\"value\\": \\"#173630\\"
    },
    \\"color-sky\\": {
      \\"value\\": \\"#dfe3e8\\"
    },
    \\"color-orange-darker\\": {
      \\"value\\": \\"#4a1504\\"
    },
    \\"color-orange\\": {
      \\"value\\": \\"#f49342\\"
    },
    \\"color-green\\": {
      \\"value\\": \\"#50b83c\\"
    },
    \\"color-blue-lighter\\": {
      \\"value\\": \\"#ebf4fa\\"
    },
    \\"color-indigo\\": {
      \\"value\\": \\"#5c6ac4\\"
    },
    \\"color-ink\\": {
      \\"value\\": \\"#212b36\\"
    },
    \\"color-purple-lighter\\": {
      \\"value\\": \\"#f5f0fc\\"
    },
    \\"color-yellow-text\\": {
      \\"value\\": \\"#595130\\"
    },
    \\"color-teal-lighter\\": {
      \\"value\\": \\"#e0f5f4\\"
    },
    \\"color-teal-dark\\": {
      \\"value\\": \\"#00848e\\"
    },
    \\"color-purple-dark\\": {
      \\"value\\": \\"#50248f\\"
    },
    \\"color-yellow\\": {
      \\"value\\": \\"#edc200\\"
    },
    \\"color-indigo-text\\": {
      \\"value\\": \\"#3e4155\\"
    },
    \\"color-blue-dark\\": {
      \\"value\\": \\"#084e8a\\"
    }
  },
  \\"props\\": {
    \\"color-purple-text\\": {
      \\"type\\": \\"color\\",
      \\"category\\": \\"text-color\\",
      \\"name\\": \\"color-purple-text\\",
      \\"value\\": \\"rgb(80, 73, 90)\\",
      \\"originalValue\\": \\"{!color-purple-text}\\"
    },
    \\"color-purple-darker\\": {
      \\"type\\": \\"color\\",
      \\"category\\": \\"background-color\\",
      \\"name\\": \\"color-purple-darker\\",
      \\"value\\": \\"rgb(35, 0, 81)\\",
      \\"originalValue\\": \\"{!color-purple-darker}\\"
    },
    \\"color-purple-dark\\": {
      \\"type\\": \\"color\\",
      \\"category\\": \\"background-color\\",
      \\"name\\": \\"color-purple-dark\\",
      \\"value\\": \\"rgb(80, 36, 143)\\",
      \\"originalValue\\": \\"{!color-purple-dark}\\"
    },
    \\"color-purple\\": {
      \\"type\\": \\"color\\",
      \\"category\\": \\"background-color\\",
      \\"name\\": \\"color-purple\\",
      \\"value\\": \\"rgb(156, 106, 222)\\",
      \\"originalValue\\": \\"{!color-purple}\\"
    },
    \\"color-purple-light\\": {
      \\"type\\": \\"color\\",
      \\"category\\": \\"background-color\\",
      \\"name\\": \\"color-purple-light\\",
      \\"value\\": \\"rgb(227, 208, 255)\\",
      \\"originalValue\\": \\"{!color-purple-light}\\"
    },
    \\"color-purple-lighter\\": {
      \\"type\\": \\"color\\",
      \\"category\\": \\"background-color\\",
      \\"name\\": \\"color-purple-lighter\\",
      \\"value\\": \\"rgb(245, 240, 252)\\",
      \\"originalValue\\": \\"{!color-purple-lighter}\\"
    },
    \\"color-indigo-text\\": {
      \\"type\\": \\"color\\",
      \\"category\\": \\"text-color\\",
      \\"name\\": \\"color-indigo-text\\",
      \\"value\\": \\"rgb(62, 65, 85)\\",
      \\"originalValue\\": \\"{!color-indigo-text}\\"
    },
    \\"color-indigo-darker\\": {
      \\"type\\": \\"color\\",
      \\"category\\": \\"background-color\\",
      \\"name\\": \\"color-indigo-darker\\",
      \\"value\\": \\"rgb(0, 6, 57)\\",
      \\"originalValue\\": \\"{!color-indigo-darker}\\"
    },
    \\"color-indigo-dark\\": {
      \\"type\\": \\"color\\",
      \\"category\\": \\"background-color\\",
      \\"name\\": \\"color-indigo-dark\\",
      \\"value\\": \\"rgb(32, 46, 120)\\",
      \\"originalValue\\": \\"{!color-indigo-dark}\\"
    },
    \\"color-indigo\\": {
      \\"type\\": \\"color\\",
      \\"category\\": \\"background-color\\",
      \\"name\\": \\"color-indigo\\",
      \\"value\\": \\"rgb(92, 106, 196)\\",
      \\"originalValue\\": \\"{!color-indigo}\\"
    },
    \\"color-indigo-light\\": {
      \\"type\\": \\"color\\",
      \\"category\\": \\"background-color\\",
      \\"name\\": \\"color-indigo-light\\",
      \\"value\\": \\"rgb(179, 188, 245)\\",
      \\"originalValue\\": \\"{!color-indigo-light}\\"
    },
    \\"color-indigo-lighter\\": {
      \\"type\\": \\"color\\",
      \\"category\\": \\"background-color\\",
      \\"name\\": \\"color-indigo-lighter\\",
      \\"value\\": \\"rgb(243, 244, 250)\\",
      \\"originalValue\\": \\"{!color-indigo-lighter}\\"
    },
    \\"color-blue-text\\": {
      \\"type\\": \\"color\\",
      \\"category\\": \\"text-color\\",
      \\"name\\": \\"color-blue-text\\",
      \\"value\\": \\"rgb(62, 78, 87)\\",
      \\"originalValue\\": \\"{!color-blue-text}\\"
    },
    \\"color-blue-darker\\": {
      \\"type\\": \\"color\\",
      \\"category\\": \\"background-color\\",
      \\"name\\": \\"color-blue-darker\\",
      \\"value\\": \\"rgb(0, 21, 42)\\",
      \\"originalValue\\": \\"{!color-blue-darker}\\"
    },
    \\"color-blue-dark\\": {
      \\"type\\": \\"color\\",
      \\"category\\": \\"background-color\\",
      \\"name\\": \\"color-blue-dark\\",
      \\"value\\": \\"rgb(8, 78, 138)\\",
      \\"originalValue\\": \\"{!color-blue-dark}\\"
    },
    \\"color-blue\\": {
      \\"type\\": \\"color\\",
      \\"category\\": \\"background-color\\",
      \\"name\\": \\"color-blue\\",
      \\"value\\": \\"rgb(0, 122, 206)\\",
      \\"originalValue\\": \\"{!color-blue}\\"
    },
    \\"color-blue-light\\": {
      \\"type\\": \\"color\\",
      \\"category\\": \\"background-color\\",
      \\"name\\": \\"color-blue-light\\",
      \\"value\\": \\"rgb(180, 224, 250)\\",
      \\"originalValue\\": \\"{!color-blue-light}\\"
    },
    \\"color-blue-lighter\\": {
      \\"type\\": \\"color\\",
      \\"category\\": \\"background-color\\",
      \\"name\\": \\"color-blue-lighter\\",
      \\"value\\": \\"rgb(235, 244, 250)\\",
      \\"originalValue\\": \\"{!color-blue-lighter}\\"
    },
    \\"color-teal-text\\": {
      \\"type\\": \\"color\\",
      \\"category\\": \\"text-color\\",
      \\"name\\": \\"color-teal-text\\",
      \\"value\\": \\"rgb(64, 83, 82)\\",
      \\"originalValue\\": \\"{!color-teal-text}\\"
    },
    \\"color-teal-darker\\": {
      \\"type\\": \\"color\\",
      \\"category\\": \\"background-color\\",
      \\"name\\": \\"color-teal-darker\\",
      \\"value\\": \\"rgb(0, 49, 54)\\",
      \\"originalValue\\": \\"{!color-teal-darker}\\"
    },
    \\"color-teal-dark\\": {
      \\"type\\": \\"color\\",
      \\"category\\": \\"background-color\\",
      \\"name\\": \\"color-teal-dark\\",
      \\"value\\": \\"rgb(0, 132, 142)\\",
      \\"originalValue\\": \\"{!color-teal-dark}\\"
    },
    \\"color-teal\\": {
      \\"type\\": \\"color\\",
      \\"category\\": \\"background-color\\",
      \\"name\\": \\"color-teal\\",
      \\"value\\": \\"rgb(71, 193, 191)\\",
      \\"originalValue\\": \\"{!color-teal}\\"
    },
    \\"color-teal-light\\": {
      \\"type\\": \\"color\\",
      \\"category\\": \\"background-color\\",
      \\"name\\": \\"color-teal-light\\",
      \\"value\\": \\"rgb(182, 236, 235)\\",
      \\"originalValue\\": \\"{!color-teal-light}\\"
    },
    \\"color-teal-lighter\\": {
      \\"type\\": \\"color\\",
      \\"category\\": \\"background-color\\",
      \\"name\\": \\"color-teal-lighter\\",
      \\"value\\": \\"rgb(224, 245, 244)\\",
      \\"originalValue\\": \\"{!color-teal-lighter}\\"
    },
    \\"color-green-text\\": {
      \\"type\\": \\"color\\",
      \\"category\\": \\"text-color\\",
      \\"name\\": \\"color-green-text\\",
      \\"value\\": \\"rgb(65, 79, 62)\\",
      \\"originalValue\\": \\"{!color-green-text}\\"
    },
    \\"color-green-darker\\": {
      \\"type\\": \\"color\\",
      \\"category\\": \\"background-color\\",
      \\"name\\": \\"color-green-darker\\",
      \\"value\\": \\"rgb(23, 54, 48)\\",
      \\"originalValue\\": \\"{!color-green-darker}\\"
    },
    \\"color-green-dark\\": {
      \\"type\\": \\"color\\",
      \\"category\\": \\"background-color\\",
      \\"name\\": \\"color-green-dark\\",
      \\"value\\": \\"rgb(16, 128, 67)\\",
      \\"originalValue\\": \\"{!color-green-dark}\\"
    },
    \\"color-green\\": {
      \\"type\\": \\"color\\",
      \\"category\\": \\"background-color\\",
      \\"name\\": \\"color-green\\",
      \\"value\\": \\"rgb(80, 184, 60)\\",
      \\"originalValue\\": \\"{!color-green}\\"
    },
    \\"color-green-light\\": {
      \\"type\\": \\"color\\",
      \\"category\\": \\"background-color\\",
      \\"name\\": \\"color-green-light\\",
      \\"value\\": \\"rgb(187, 229, 179)\\",
      \\"originalValue\\": \\"{!color-green-light}\\"
    },
    \\"color-green-lighter\\": {
      \\"type\\": \\"color\\",
      \\"category\\": \\"background-color\\",
      \\"name\\": \\"color-green-lighter\\",
      \\"value\\": \\"rgb(227, 241, 223)\\",
      \\"originalValue\\": \\"{!color-green-lighter}\\"
    },
    \\"color-yellow-text\\": {
      \\"type\\": \\"color\\",
      \\"category\\": \\"text-color\\",
      \\"name\\": \\"color-yellow-text\\",
      \\"value\\": \\"rgb(89, 81, 48)\\",
      \\"originalValue\\": \\"{!color-yellow-text}\\"
    },
    \\"color-yellow-darker\\": {
      \\"type\\": \\"color\\",
      \\"category\\": \\"background-color\\",
      \\"name\\": \\"color-yellow-darker\\",
      \\"value\\": \\"rgb(87, 59, 0)\\",
      \\"originalValue\\": \\"{!color-yellow-darker}\\"
    },
    \\"color-yellow-dark\\": {
      \\"type\\": \\"color\\",
      \\"category\\": \\"background-color\\",
      \\"name\\": \\"color-yellow-dark\\",
      \\"value\\": \\"rgb(156, 111, 25)\\",
      \\"originalValue\\": \\"{!color-yellow-dark}\\"
    },
    \\"color-yellow\\": {
      \\"type\\": \\"color\\",
      \\"category\\": \\"background-color\\",
      \\"name\\": \\"color-yellow\\",
      \\"value\\": \\"rgb(237, 194, 0)\\",
      \\"originalValue\\": \\"{!color-yellow}\\"
    },
    \\"color-yellow-light\\": {
      \\"type\\": \\"color\\",
      \\"category\\": \\"background-color\\",
      \\"name\\": \\"color-yellow-light\\",
      \\"value\\": \\"rgb(255, 234, 138)\\",
      \\"originalValue\\": \\"{!color-yellow-light}\\"
    },
    \\"color-yellow-lighter\\": {
      \\"type\\": \\"color\\",
      \\"category\\": \\"background-color\\",
      \\"name\\": \\"color-yellow-lighter\\",
      \\"value\\": \\"rgb(252, 240, 205)\\",
      \\"originalValue\\": \\"{!color-yellow-lighter}\\"
    },
    \\"color-orange-text\\": {
      \\"type\\": \\"color\\",
      \\"category\\": \\"text-color\\",
      \\"name\\": \\"color-orange-text\\",
      \\"value\\": \\"rgb(89, 68, 48)\\",
      \\"originalValue\\": \\"{!color-orange-text}\\"
    },
    \\"color-orange-darker\\": {
      \\"type\\": \\"color\\",
      \\"category\\": \\"background-color\\",
      \\"name\\": \\"color-orange-darker\\",
      \\"value\\": \\"rgb(74, 21, 4)\\",
      \\"originalValue\\": \\"{!color-orange-darker}\\"
    },
    \\"color-orange-dark\\": {
      \\"type\\": \\"color\\",
      \\"category\\": \\"background-color\\",
      \\"name\\": \\"color-orange-dark\\",
      \\"value\\": \\"rgb(192, 87, 23)\\",
      \\"originalValue\\": \\"{!color-orange-dark}\\"
    },
    \\"color-orange\\": {
      \\"type\\": \\"color\\",
      \\"category\\": \\"background-color\\",
      \\"name\\": \\"color-orange\\",
      \\"value\\": \\"rgb(244, 147, 66)\\",
      \\"originalValue\\": \\"{!color-orange}\\"
    },
    \\"color-orange-light\\": {
      \\"type\\": \\"color\\",
      \\"category\\": \\"background-color\\",
      \\"name\\": \\"color-orange-light\\",
      \\"value\\": \\"rgb(255, 196, 139)\\",
      \\"originalValue\\": \\"{!color-orange-light}\\"
    },
    \\"color-orange-lighter\\": {
      \\"type\\": \\"color\\",
      \\"category\\": \\"background-color\\",
      \\"name\\": \\"color-orange-lighter\\",
      \\"value\\": \\"rgb(252, 235, 219)\\",
      \\"originalValue\\": \\"{!color-orange-lighter}\\"
    },
    \\"color-ink\\": {
      \\"type\\": \\"color\\",
      \\"category\\": \\"background-color\\",
      \\"name\\": \\"color-ink\\",
      \\"value\\": \\"rgb(33, 43, 54)\\",
      \\"originalValue\\": \\"{!color-ink}\\"
    },
    \\"color-ink-light\\": {
      \\"type\\": \\"color\\",
      \\"category\\": \\"background-color\\",
      \\"name\\": \\"color-ink-light\\",
      \\"value\\": \\"rgb(69, 79, 91)\\",
      \\"originalValue\\": \\"{!color-ink-light}\\"
    },
    \\"color-ink-lighter\\": {
      \\"type\\": \\"color\\",
      \\"category\\": \\"background-color\\",
      \\"name\\": \\"color-ink-lighter\\",
      \\"value\\": \\"rgb(99, 115, 129)\\",
      \\"originalValue\\": \\"{!color-ink-lighter}\\"
    },
    \\"color-ink-lightest\\": {
      \\"type\\": \\"color\\",
      \\"category\\": \\"background-color\\",
      \\"name\\": \\"color-ink-lightest\\",
      \\"value\\": \\"rgb(145, 158, 171)\\",
      \\"originalValue\\": \\"{!color-ink-lightest}\\"
    },
    \\"color-sky-dark\\": {
      \\"type\\": \\"color\\",
      \\"category\\": \\"background-color\\",
      \\"name\\": \\"color-sky-dark\\",
      \\"value\\": \\"rgb(196, 205, 213)\\",
      \\"originalValue\\": \\"{!color-sky-dark}\\"
    },
    \\"color-sky\\": {
      \\"type\\": \\"color\\",
      \\"category\\": \\"background-color\\",
      \\"name\\": \\"color-sky\\",
      \\"value\\": \\"rgb(223, 227, 232)\\",
      \\"originalValue\\": \\"{!color-sky}\\"
    },
    \\"color-sky-light\\": {
      \\"type\\": \\"color\\",
      \\"category\\": \\"background-color\\",
      \\"name\\": \\"color-sky-light\\",
      \\"value\\": \\"rgb(244, 246, 248)\\",
      \\"originalValue\\": \\"{!color-sky-light}\\"
    },
    \\"color-sky-lighter\\": {
      \\"type\\": \\"color\\",
      \\"category\\": \\"background-color\\",
      \\"name\\": \\"color-sky-lighter\\",
      \\"value\\": \\"rgb(249, 250, 251)\\",
      \\"originalValue\\": \\"{!color-sky-lighter}\\"
    }
  }
}
"
`;

exports[`renders colors.scss correctly 1`] = `
"$color-purple-text: rgb(80, 73, 90);
$color-purple-darker: rgb(35, 0, 81);
$color-purple-dark: rgb(80, 36, 143);
$color-purple: rgb(156, 106, 222);
$color-purple-light: rgb(227, 208, 255);
$color-purple-lighter: rgb(245, 240, 252);
$color-indigo-text: rgb(62, 65, 85);
$color-indigo-darker: rgb(0, 6, 57);
$color-indigo-dark: rgb(32, 46, 120);
$color-indigo: rgb(92, 106, 196);
$color-indigo-light: rgb(179, 188, 245);
$color-indigo-lighter: rgb(243, 244, 250);
$color-blue-text: rgb(62, 78, 87);
$color-blue-darker: rgb(0, 21, 42);
$color-blue-dark: rgb(8, 78, 138);
$color-blue: rgb(0, 122, 206);
$color-blue-light: rgb(180, 224, 250);
$color-blue-lighter: rgb(235, 244, 250);
$color-teal-text: rgb(64, 83, 82);
$color-teal-darker: rgb(0, 49, 54);
$color-teal-dark: rgb(0, 132, 142);
$color-teal: rgb(71, 193, 191);
$color-teal-light: rgb(182, 236, 235);
$color-teal-lighter: rgb(224, 245, 244);
$color-green-text: rgb(65, 79, 62);
$color-green-darker: rgb(23, 54, 48);
$color-green-dark: rgb(16, 128, 67);
$color-green: rgb(80, 184, 60);
$color-green-light: rgb(187, 229, 179);
$color-green-lighter: rgb(227, 241, 223);
$color-yellow-text: rgb(89, 81, 48);
$color-yellow-darker: rgb(87, 59, 0);
$color-yellow-dark: rgb(156, 111, 25);
$color-yellow: rgb(237, 194, 0);
$color-yellow-light: rgb(255, 234, 138);
$color-yellow-lighter: rgb(252, 240, 205);
$color-orange-text: rgb(89, 68, 48);
$color-orange-darker: rgb(74, 21, 4);
$color-orange-dark: rgb(192, 87, 23);
$color-orange: rgb(244, 147, 66);
$color-orange-light: rgb(255, 196, 139);
$color-orange-lighter: rgb(252, 235, 219);
$color-ink: rgb(33, 43, 54);
$color-ink-light: rgb(69, 79, 91);
$color-ink-lighter: rgb(99, 115, 129);
$color-ink-lightest: rgb(145, 158, 171);
$color-sky-dark: rgb(196, 205, 213);
$color-sky: rgb(223, 227, 232);
$color-sky-light: rgb(244, 246, 248);
$color-sky-lighter: rgb(249, 250, 251);
"
`;

exports[`renders index.d.ts correctly 1`] = `
"declare interface Tokens {
  colorPurpleText: \\"rgb(80, 73, 90)\\";
  colorPurpleDarker: \\"rgb(35, 0, 81)\\";
  colorPurpleDark: \\"rgb(80, 36, 143)\\";
  colorPurple: \\"rgb(156, 106, 222)\\";
  colorPurpleLight: \\"rgb(227, 208, 255)\\";
  colorPurpleLighter: \\"rgb(245, 240, 252)\\";
  colorIndigoText: \\"rgb(62, 65, 85)\\";
  colorIndigoDarker: \\"rgb(0, 6, 57)\\";
  colorIndigoDark: \\"rgb(32, 46, 120)\\";
  colorIndigo: \\"rgb(92, 106, 196)\\";
  colorIndigoLight: \\"rgb(179, 188, 245)\\";
  colorIndigoLighter: \\"rgb(243, 244, 250)\\";
  colorBlueText: \\"rgb(62, 78, 87)\\";
  colorBlueDarker: \\"rgb(0, 21, 42)\\";
  colorBlueDark: \\"rgb(8, 78, 138)\\";
  colorBlue: \\"rgb(0, 122, 206)\\";
  colorBlueLight: \\"rgb(180, 224, 250)\\";
  colorBlueLighter: \\"rgb(235, 244, 250)\\";
  colorTealText: \\"rgb(64, 83, 82)\\";
  colorTealDarker: \\"rgb(0, 49, 54)\\";
  colorTealDark: \\"rgb(0, 132, 142)\\";
  colorTeal: \\"rgb(71, 193, 191)\\";
  colorTealLight: \\"rgb(182, 236, 235)\\";
  colorTealLighter: \\"rgb(224, 245, 244)\\";
  colorGreenText: \\"rgb(65, 79, 62)\\";
  colorGreenDarker: \\"rgb(23, 54, 48)\\";
  colorGreenDark: \\"rgb(16, 128, 67)\\";
  colorGreen: \\"rgb(80, 184, 60)\\";
  colorGreenLight: \\"rgb(187, 229, 179)\\";
  colorGreenLighter: \\"rgb(227, 241, 223)\\";
  colorYellowText: \\"rgb(89, 81, 48)\\";
  colorYellowDarker: \\"rgb(87, 59, 0)\\";
  colorYellowDark: \\"rgb(156, 111, 25)\\";
  colorYellow: \\"rgb(237, 194, 0)\\";
  colorYellowLight: \\"rgb(255, 234, 138)\\";
  colorYellowLighter: \\"rgb(252, 240, 205)\\";
  colorOrangeText: \\"rgb(89, 68, 48)\\";
  colorOrangeDarker: \\"rgb(74, 21, 4)\\";
  colorOrangeDark: \\"rgb(192, 87, 23)\\";
  colorOrange: \\"rgb(244, 147, 66)\\";
  colorOrangeLight: \\"rgb(255, 196, 139)\\";
  colorOrangeLighter: \\"rgb(252, 235, 219)\\";
  colorInk: \\"rgb(33, 43, 54)\\";
  colorInkLight: \\"rgb(69, 79, 91)\\";
  colorInkLighter: \\"rgb(99, 115, 129)\\";
  colorInkLightest: \\"rgb(145, 158, 171)\\";
  colorSkyDark: \\"rgb(196, 205, 213)\\";
  colorSky: \\"rgb(223, 227, 232)\\";
  colorSkyLight: \\"rgb(244, 246, 248)\\";
  colorSkyLighter: \\"rgb(249, 250, 251)\\";
  spacingNone: 0;
  spacingExtraTight: \\"4px\\";
  spacingTight: \\"8px\\";
  spacingBase: \\"16px\\";
  spacingLoose: \\"20px\\";
  spacingExtraLoose: \\"32px\\";
  fontStackBase: \\"-apple-system, 'BlinkMacSystemFont', 'San Francisco', 'Roboto', 'Segoe UI', 'Helvetica Neue', sans-serif\\";
  fontStackMonospace: \\"Monaco, Consolas, 'Lucida Console', monospace\\";
}
declare let tokens: Tokens;
export = tokens;"
`;
